[  187417ms] [ERROR] Failed to load resource: the server responded with a status of 500 (Internal Server Error) @ http://localhost:5173/api/v1/stream?since=229:0
[  189421ms] [ERROR] Failed to load resource: the server responded with a status of 500 (Internal Server Error) @ http://localhost:5173/api/v1/stream?since=229:0
[  193423ms] [ERROR] Failed to load resource: the server responded with a status of 500 (Internal Server Error) @ http://localhost:5173/api/v1/stream?since=229:0
[  201427ms] [ERROR] Failed to load resource: the server responded with a status of 500 (Internal Server Error) @ http://localhost:5173/api/v1/stream?since=229:0
[ 3220372ms] [ERROR] [vite] SyntaxError: The requested module '/src/lib/store.svelte.ts?t=1786524321240' does not provide an export named 'setMotion' @ http://localhost:5173/@vite/client:881
[ 3220373ms] [ERROR] [vite] Failed to reload /src/routes/+page.svelte. This could be due to syntax errors or importing non-existent modules. (see errors above) @ http://localhost:5173/@vite/client:881
[ 3220380ms] TypeError: Cannot read properties of undefined (reading 'default')
    at http://localhost:5173/src/routes/+page.svelte?t=1786531986014:284:30
    at http://localhost:5173/@vite/client:46:60
    at http://localhost:5173/@vite/client:213:11
    at http://localhost:5173/@vite/client:186:58
    at Array.forEach (<anonymous>)
    at HMRClient.queueUpdate (http://localhost:5173/@vite/client:186:36)
    at async Promise.all (index 0)
    at async handleMessage (http://localhost:5173/@vite/client:927:7)
[ 3221646ms] [ERROR] [vite] SyntaxError: The requested module '/src/lib/store.svelte.ts?t=1786524321240' does not provide an export named 'setMotion' @ http://localhost:5173/@vite/client:881
[ 3221646ms] [ERROR] [vite] Failed to reload /src/routes/+page.svelte. This could be due to syntax errors or importing non-existent modules. (see errors above) @ http://localhost:5173/@vite/client:881
[ 3221656ms] TypeError: Cannot read properties of undefined (reading 'default')
    at http://localhost:5173/src/routes/+page.svelte?t=1786531986014:284:30
    at http://localhost:5173/@vite/client:46:60
    at http://localhost:5173/@vite/client:213:11
    at http://localhost:5173/@vite/client:186:58
    at Array.forEach (<anonymous>)
    at HMRClient.queueUpdate (http://localhost:5173/@vite/client:186:36)
    at async Promise.all (index 0)
    at async handleMessage (http://localhost:5173/@vite/client:927:7)
[ 3236674ms] TypeError: $.get(...).setPositionSource is not a function

	in $effect
	in MapPanel.svelte
	in +page.svelte
	in +layout.svelte
	in root.svelte
	in undefined

    at $effect (http://localhost:5173/src/lib/components/MapPanel.svelte?t=1786532004469:107:19)
    at update_reaction (http://localhost:5173/node_modules/.vite/deps/chunk-LRNANF5V.js?v=db768187:4211:18)
    at update_effect (http://localhost:5173/node_modules/.vite/deps/chunk-LRNANF5V.js?v=db768187:4359:21)
    at flush_queued_effects (http://localhost:5173/node_modules/.vite/deps/chunk-LRNANF5V.js?v=db768187:3417:7)
    at _Batch.process_fn (http://localhost:5173/node_modules/.vite/deps/chunk-LRNANF5V.js?v=db768187:3106:3)
    at _Batch.flush (http://localhost:5173/node_modules/.vite/deps/chunk-LRNANF5V.js?v=db768187:2836:59)
    at Array.<anonymous> (http://localhost:5173/node_modules/.vite/deps/chunk-LRNANF5V.js?v=db768187:2934:19)
    at run_all (http://localhost:5173/node_modules/.vite/deps/chunk-LRNANF5V.js?v=db768187:50:11)
    at run_micro_tasks (http://localhost:5173/node_modules/.vite/deps/chunk-LRNANF5V.js?v=db768187:732:3)
    at http://localhost:5173/node_modules/.vite/deps/chunk-LRNANF5V.js?v=db768187:738:34
