[  126150ms] ReferenceError: SpeedControl is not defined

	in <unknown>
	in +layout.svelte
	in root.svelte
	in undefined

    at $.add_svelte_meta.componentTag (http://localhost:5173/src/routes/+page.svelte?t=1786537041126:216:26)
    at Module.add_svelte_meta (http://localhost:5173/node_modules/.vite/deps/chunk-LRNANF5V.js?v=db768187:607:12)
    at _page (http://localhost:5173/src/routes/+page.svelte?t=1786537041126:216:4)
    at http://localhost:5173/node_modules/.vite/deps/chunk-KBUM2GOF.js?v=db768187:317:56
    at update_reaction (http://localhost:5173/node_modules/.vite/deps/chunk-LRNANF5V.js?v=db768187:4211:18)
    at update_effect (http://localhost:5173/node_modules/.vite/deps/chunk-LRNANF5V.js?v=db768187:4359:21)
    at create_effect (http://localhost:5173/node_modules/.vite/deps/chunk-LRNANF5V.js?v=db768187:3700:7)
    at branch (http://localhost:5173/node_modules/.vite/deps/chunk-LRNANF5V.js?v=db768187:3876:10)
    at http://localhost:5173/node_modules/.vite/deps/chunk-KBUM2GOF.js?v=db768187:311:17
    at update_reaction (http://localhost:5173/node_modules/.vite/deps/chunk-LRNANF5V.js?v=db768187:4211:18)
[  267431ms] [LOG] [vite] server connection lost. Polling for restart... @ http://localhost:5173/@vite/client:963
[  267432ms] [ERROR] Failed to load resource: net::ERR_INCOMPLETE_CHUNKED_ENCODING @ http://localhost:5173/api/v1/stream?since=558:0
[  267432ms] [ERROR] WebSocket connection to 'ws://localhost:5173/' failed: Error in connection establishment: net::ERR_CONNECTION_REFUSED @ http://localhost:5173/@vite/client:1034
[  269289ms] [ERROR] Failed to load resource: the server responded with a status of 404 (Not Found) @ http://localhost:5173/@vite/client:0
[  269290ms] Failed to fetch dynamically imported module: http://localhost:5173/@fs/home/ppearce/git/donjon-sim/apps/web/.svelte-kit/generated/client/app.js
